
> starter_helpi@0.1.0 test
> react-scripts test --coverage

FAIL src/Components/Homepage.test.tsx
  ● Test suite failed to run

    Your test suite must contain at least one test.

      at onResult (node_modules/@jest/core/build/TestScheduler.js:175:18)
      at node_modules/@jest/core/build/TestScheduler.js:316:17
      at node_modules/emittery/index.js:260:13
          at Array.map (<anonymous>)
      at Emittery.emit (node_modules/emittery/index.js:258:23)

FAIL src/Components/BasicQuestions.test.tsx
  ● Test suite failed to run

    Your test suite must contain at least one test.

      at onResult (node_modules/@jest/core/build/TestScheduler.js:175:18)
      at node_modules/@jest/core/build/TestScheduler.js:316:17
      at node_modules/emittery/index.js:260:13
          at Array.map (<anonymous>)
      at Emittery.emit (node_modules/emittery/index.js:258:23)

FAIL src/Components/DetailedQuestions.test.tsx
  ● Test suite failed to run

    Your test suite must contain at least one test.

      at onResult (node_modules/@jest/core/build/TestScheduler.js:175:18)
      at node_modules/@jest/core/build/TestScheduler.js:316:17
      at node_modules/emittery/index.js:260:13
          at Array.map (<anonymous>)
      at Emittery.emit (node_modules/emittery/index.js:258:23)

FAIL src/App.test.tsx
  ● renders learn react link

    TestingLibraryElementError: Unable to find an element with the text: /learn react/i. This could be because the text is broken up by multiple elements. In this case, you can provide a function for your text matcher to make your matcher more flexible.

    Ignored nodes: comments, script, style
    [36m<body>[39m
      [36m<div>[39m
        [36m<div[39m
          [33mclass[39m=[32m"App"[39m
        [36m>[39m
          [36m<div[39m
            [33mid[39m=[32m"app-content"[39m
          [36m>[39m
            [36m<header[39m
              [33mid[39m=[32m"header"[39m
            [36m>[39m
              [36m<div[39m
                [33mid[39m=[32m"navbar"[39m
              [36m>[39m
                [36m<div[39m
                  [33mid[39m=[32m"nav-buttons"[39m
                [36m>[39m
                  [36m<div>[39m
                    [36m<button[39m
                      [33mclass[39m=[32m"navButton btn btn-primary"[39m
                      [33mtype[39m=[32m"button"[39m
                    [36m>[39m
                      [0mHome[0m
                    [36m</button>[39m
                  [36m</div>[39m
                  [36m<div>[39m
                    [36m<button[39m
                      [33mclass[39m=[32m"navButton btn btn-primary"[39m
                      [33mtype[39m=[32m"button"[39m
                    [36m>[39m
                      [0mBasic Questions[0m
                    [36m</button>[39m
                  [36m</div>[39m
                  [36m<div>[39m
                    [36m<button[39m
                      [33mclass[39m=[32m"navButton btn btn-primary"[39m
                      [33mtype[39m=[32m"button"[39m
                    [36m>[39m
                      [0m Detailed Questions[0m
                    [36m</button>[39m
                  [36m</div>[39m
                [36m</div>[39m
                [36m<div>[39m
                  [36m<button[39m
                    [33mclass[39m=[32m"navButton btn btn-primary"[39m
                    [33mid[39m=[32m"log-in"[39m
                    [33mtype[39m=[32m"button"[39m
                  [36m>[39m
                    [0mLog In[0m
                  [36m</button>[39m
                [36m</div>[39m
              [36m</div>[39m
            [36m</header>[39m
            [36m<div[39m
              [33mid[39m=[32m"page-content"[39m
            [36m>[39m
              [36m<div>[39m
                [36m<div>[39m
                  [36m<div[39m
                    [33mid[39m=[32m"screen"[39m
                  [36m>[39m
                    [36m<div[39m
                      [33mid[39m=[32m"overlay"[39m
                    [36m/>[39m
                  [36m</div>[39m
                  [36m<div[39m
                    [33mid[39m=[32m"screen"[39m
                  [36m>[39m
                    [36m<div[39m
                      [33mid[39m=[32m"popup"[39m
                    [36m>[39m
                      [36m<div[39m
                        [33mid[39m=[32m"x-wrapper"[39m
                      [36m>[39m
                        [36m<button[39m
                          [33mclass[39m=[32m"btn btn-primary"[39m
                          [33mid[39m=[32m"close-popup"[39m
                          [33mtype[39m=[32m"button"[39m
                        [36m>[39m
                          [0mX[0m
                        [36m</button>[39m
                      [36m</div>[39m
                      [36m<div>[39m
                        [36m<div>[39m
                          [36m<label[39m
                            [33mclass[39m=[32m"form-label"[39m
                          [36m>[39m
                            [0mEmail:[0m
                          [36m</label>[39m
                          [36m<input[39m
                            [33mclass[39m=[32m"form-control"[39m
                            [33mvalue[39m=[32m""[39m
                          [36m/>[39m
                        [36m</div>[39m
                        [36m<button[39m
                          [33mclass[39m=[32m"btn btn-primary"[39m
                          [33mtype[39m=[32m"button"[39m
                        [36m>[39m
                          [0mEnter[0m
                        [36m</button>[39m
                      [36m</div>[39m
                    [36m</div>[39m
                  [36m</div>[39m
                [36m</div>[39m
              [36m</div>[39m
              [36m<div[39m
                [33mid[39m=[32m"homepage-box"[39m
              [36m>[39m
                [36m<h1[39m
                  [33mid[39m=[32m"title"[39m
                [36m>[39m
                  [0mWelcome to the Career Helpi![0m
                [36m</h1>[39m
                [36m<div[39m
                  [33mid[39m=[32m"content-box"[39m
                [36m>[39m
                  [36m<div[39m
                    [33mclass[39m=[32m"quiz"[39m
                    [33mid[39m=[32m"basic-info"[39m
                  [36m>[39m
                    [36m<div[39m
                      [33mid[39m=[32m"description-box"[39m
                    [36m>[39m
                      [36m<p[39m
                        [33mid[39m=[32m"question-type-title"[39m
                      [36m>[39m
                        [0mBasic[0m
                      [36m</p>[39m
                      [36m<p[39m
                        [33mid[39m=[32m"desc"[39m
                      [36m>[39m
                        [0mThis assessment will quickly and efficiently evaluate what career fits your lifestyle and interests best. This assessment is great if you are short for time or do not like longer and more in depth quizzes.[0m
                      [36m</p>[39m
                      [36m<div[39m
                        [33mid[39m=[32m"button-box"[39m
                      [36m>[39m
                        [36m<button[39m
                          [33mclass[39m=[32m"btn btn-primary"[39m
                          [33mid[39m=[32m"continue-button"[39m
                          [33mtype[39m=[32m"button"[39m
                        [36m>[39m
                          [0mContinue to [0m
                          [0mBasic[0m
                          [0m Quiz[0m
                        [36m</button>[39m
                      [36m</div>[39m
                    [36m</div>[39m
                  [36m</div>[39m
                  [36m<div[39m
                    [33mclass[39m=[32m"quiz"[39m
                    [33mid[39m=[32m"detailed-info"[39m
                  [36m>[39m
                    [36m<div[39m
                      [33mid[39m=[32m"description-box"[39m
                    [36m>[39m
                      [36m<p[39m
                        [33mid[39m=[32m"question-type-title"[39m
                      [36m>[39m
                        [0mDetailed[0m
                      [36m</p>[39m
                      [36m<p[39m
                        [33mid[39m=[32m"desc"[39m
                      [36m>[39m
                        [0mThe following quiz will assess your personality and decide which career fits your lifestyle and interests best. This is a detailed quiz with multiple open-ended questions; you should block out at least fifteen minutes to take this quiz. Please answer as honestly and elaborately as you can.[0m
                      [36m</p>[39m
                      [36m<div[39m
                        [33mid[39m=[32m"button-box"[39m
                      [36m>[39m
                        [36m<button[39m
                          [33mclass[39m=[32m"btn btn-primary"[39m
                          [33mid[39m=[32m"continue-button"[39m
                          [33mtype[39m=[32m"button"[39m
                        [36m>[39m
                          [0mContinue to [0m
                          [0mDetailed[0m
                          [0m Quiz[0m
                        [36m</button>[39m
                      [36m</div>[39m
                    [36m</div>[39m
                  [36m</div>[39m
                [36m</div>[39m
              [36m</div>[39m
            [36m</div>[39m
            [36m<footer[39m
              [33mid[39m=[32m"footer"[39m
            [36m>[39m
              [36m<div[39m
                [33mid[39m=[32m"navbar"[39m
              [36m>[39m
                [36m<div[39m
                  [33mid[39m=[32m"nav-buttons"[39m
                [36m>[39m
                  [36m<div>[39m
                    [36m<button[39m
                      [33mclass[39m=[32m"navButton btn btn-primary"[39m
                      [33mtype[39m=[32m"button"[39m
                    [36m>[39m
                      [0mHome[0m
                    [36m</button>[39m
                  [36m</div>[39m
                  [36m<div>[39m
                    [36m<button[39m
                      [33mclass[39m=[32m"navButton btn btn-primary"[39m
                      [33mtype[39m=[32m"button"[39m
                    [36m>[39m
                      [0mBasic Questions[0m
                    [36m</button>[39m
                  [36m</div>[39m
                  [36m<div>[39m
                    [36m<button[39m
                      [33mclass[39m=[32m"navButton btn btn-primary"[39m
                      [33mtype[39m=[32m"button"[39m
                    [36m>[39m
                      [0m Detailed Questions[0m
                    [36m</button>[39m
                  [36m</div>[39m
                [36m</div>[39m
              [36m</div>[39m
            [36m</footer>[39m
          [36m</div>[39m
          [36m<div>[39m
            [0m [0m
            [0maerwe[0m
          [36m</div>[39m
        [36m</div>[39m
      [36m</div>[39m
    [36m</body>[39m

       5 | test('renders learn react link', () => {
       6 |   render(<App />);
    >  7 |   const linkElement = screen.getByText(/learn react/i);
         |                              ^
       8 |   expect(linkElement).toBeInTheDocument();
       9 | });
      10 |

      at Object.getElementError (node_modules/@testing-library/react/node_modules/@testing-library/dom/dist/config.js:37:19)
      at node_modules/@testing-library/react/node_modules/@testing-library/dom/dist/query-helpers.js:76:38
      at node_modules/@testing-library/react/node_modules/@testing-library/dom/dist/query-helpers.js:52:17
      at getByText (node_modules/@testing-library/react/node_modules/@testing-library/dom/dist/query-helpers.js:95:19)
      at Object.<anonymous> (src/App.test.tsx:7:30)

A worker process has failed to exit gracefully and has been force exited. This is likely caused by tests leaking due to improper teardown. Try running with --detectOpenHandles to find leaks. Active timers can also cause this, ensure that .unref() was called on them.
-----------------------------------|---------|----------|---------|---------|-------------------
File                               | % Stmts | % Branch | % Funcs | % Lines | Uncovered Line #s 
-----------------------------------|---------|----------|---------|---------|-------------------
All files                          |   16.02 |    33.33 |   11.86 |   15.43 |                   
 src                               |      30 |    39.02 |   27.27 |   28.26 |                   
  App.tsx                          |   38.46 |    43.24 |   33.33 |   37.14 | 41-82             
  index.tsx                        |       0 |      100 |     100 |       0 | 7-19              
  reportWebVitals.ts               |       0 |        0 |       0 |       0 | 3-10              
 src/Components                    |   11.76 |    36.66 |   10.52 |   12.04 |                   
  AIIntegration.tsx                |       0 |      100 |       0 |       0 | 81                
  BasicQuestions.tsx               |       0 |        0 |       0 |       0 | 25-101            
  DescriptionBox.tsx               |   66.66 |      100 |      50 |   66.66 | 24                
  DetailedQuestions.tsx            |       0 |        0 |       0 |       0 | 32-108            
  Homepage.tsx                     |     100 |      100 |     100 |     100 |                   
  Login.tsx                        |      16 |    33.33 |      10 |   16.66 | 22-44,57-79       
  Navigation.tsx                   |   16.66 |    83.33 |   16.66 |   16.66 | 20-28             
  Popup.tsx                        |       0 |      100 |       0 |       0 | 11                
  Report.tsx                       |       0 |      100 |       0 |       0 | 9-11              
  SaveFunctions.tsx                |       0 |        0 |       0 |       0 | 9-30              
 src/Components/Question-Templates |       0 |        0 |       0 |       0 |                   
  RadioButtonsQuestion.tsx         |       0 |      100 |       0 |       0 | 24-38             
  SliderQuestion.tsx               |       0 |        0 |       0 |       0 | 19-32             
  SwitchQuestion.tsx               |       0 |        0 |       0 |       0 | 18-27             
  TextInputQuestion.tsx            |       0 |      100 |       0 |       0 | 38-43             
-----------------------------------|---------|----------|---------|---------|-------------------
Test Suites: 4 failed, 4 total
Tests:       1 failed, 1 total
Snapshots:   0 total
Time:        4.725 s
Ran all test suites.
